2025-10-16 11:55:12 +03:00: Server running on http://0.0.0.0:6000
2025-10-16 11:55:12 +03:00: Database tables already exist, ensured all required columns are present
2025-10-16 11:56:33 +03:00: Server running on http://0.0.0.0:6000
2025-10-16 11:56:33 +03:00: Database tables already exist, ensured all required columns are present
2025-10-16 11:59:46 +03:00: Server running on http://0.0.0.0:6000
2025-10-16 11:59:46 +03:00: Database tables already exist, ensured all required columns are present
2025-10-16 12:03:02 +03:00: Server running on http://0.0.0.0:3000
2025-10-16 12:03:02 +03:00: Database tables already exist, ensured all required columns are present
2025-10-16 12:04:49 +03:00: Stations returned: [
  {
    id: 'e605ef56-1370-463c-ae36-eb7511041a69',
    name: 'bishenyi',
    location: { latitude: 20, longitude: 20 },
    manager_id: 'a26a83d8-ebf9-41fc-bfd8-4f54596d3ee5',
    created_at: 2025-10-16T08:24:20.870Z
  }
]
2025-10-16 12:04:52 +03:00: Stations returned: [
  {
    id: 'e605ef56-1370-463c-ae36-eb7511041a69',
    name: 'bishenyi',
    location: { latitude: 20, longitude: 20 },
    manager_id: 'a26a83d8-ebf9-41fc-bfd8-4f54596d3ee5',
    created_at: 2025-10-16T08:24:20.870Z
  }
]
2025-10-16 12:04:53 +03:00: Stations returned: [
  {
    id: 'e605ef56-1370-463c-ae36-eb7511041a69',
    name: 'bishenyi',
    location: { latitude: 20, longitude: 20 },
    manager_id: 'a26a83d8-ebf9-41fc-bfd8-4f54596d3ee5',
    created_at: 2025-10-16T08:24:20.870Z
  }
]
2025-10-16 12:07:51 +03:00: Server running on http://0.0.0.0:3000
2025-10-16 12:07:51 +03:00: Database tables already exist, ensured all required columns are present
2025-10-16 12:16:48 +03:00: Stations returned: [
  {
    id: 'e605ef56-1370-463c-ae36-eb7511041a69',
    name: 'bishenyi',
    location: { latitude: 20, longitude: 20 },
    manager_id: 'a26a83d8-ebf9-41fc-bfd8-4f54596d3ee5',
    created_at: 2025-10-16T08:24:20.870Z
  }
]
2025-10-16 12:16:49 +03:00: Stations returned: [
  {
    id: 'e605ef56-1370-463c-ae36-eb7511041a69',
    name: 'bishenyi',
    location: { latitude: 20, longitude: 20 },
    manager_id: 'a26a83d8-ebf9-41fc-bfd8-4f54596d3ee5',
    created_at: 2025-10-16T08:24:20.870Z
  }
]
2025-10-16 12:22:13 +03:00: Stations returned: [
  {
    id: 'e605ef56-1370-463c-ae36-eb7511041a69',
    name: 'bishenyi',
    location: { latitude: 20, longitude: 20 },
    manager_id: 'a26a83d8-ebf9-41fc-bfd8-4f54596d3ee5',
    created_at: 2025-10-16T08:24:20.870Z
  }
]
2025-10-16 12:22:17 +03:00: Stations returned: [
  {
    id: 'e605ef56-1370-463c-ae36-eb7511041a69',
    name: 'bishenyi',
    location: { latitude: 20, longitude: 20 },
    manager_id: 'a26a83d8-ebf9-41fc-bfd8-4f54596d3ee5',
    created_at: 2025-10-16T08:24:20.870Z
  }
]
2025-10-16 13:38:12 +03:00: Stations returned: [
  {
    id: 'e605ef56-1370-463c-ae36-eb7511041a69',
    name: 'bishenyi',
    location: { latitude: 20, longitude: 20 },
    manager_id: 'a26a83d8-ebf9-41fc-bfd8-4f54596d3ee5',
    created_at: 2025-10-16T08:24:20.870Z
  }
]
2025-10-16 13:38:14 +03:00: Stations returned: [
  {
    id: 'e605ef56-1370-463c-ae36-eb7511041a69',
    name: 'bishenyi',
    location: { latitude: 20, longitude: 20 },
    manager_id: 'a26a83d8-ebf9-41fc-bfd8-4f54596d3ee5',
    created_at: 2025-10-16T08:24:20.870Z
  }
]
2025-10-16 13:42:31 +03:00: Stations returned: [
  {
    id: 'e605ef56-1370-463c-ae36-eb7511041a69',
    name: 'bishenyi',
    location: { latitude: 20, longitude: 20 },
    manager_id: 'a26a83d8-ebf9-41fc-bfd8-4f54596d3ee5',
    created_at: 2025-10-16T08:24:20.870Z
  }
]
2025-10-16 13:45:15 +03:00: Stations returned: []
2025-10-16 13:46:13 +03:00: Complaint created: {
  id: '18fc25b3-0018-4f26-922c-7af966e2d526',
  station_id: 'e605ef56-1370-463c-ae36-eb7511041a69',
  title: 'nozzle leakage',
  description: 'nozzle leakage',
  complaint_type: 'fuel',
  severity_level: 'medium',
  requires_work_permit: false,
  image_url: null,
  video_url: null,
  status: 'sent',
  repair_report_url: null,
  completion_notes: null,
  emergency_override: false,
  override_reason: null,
  unicorn_id: null,
  trident_id: null,
  assigned_to_unicorn: false,
  assigned_to_trident: false,
  unicorn_received_at: null,
  trident_received_at: null,
  repair_type: null,
  priority: 'medium',
  work_started_at: null,
  work_completed_at: null,
  created_at: 2025-10-16T10:46:13.569Z,
  updated_at: 2025-10-16T10:46:13.569Z
}
2025-10-16 13:46:21 +03:00: Stations returned: [
  {
    id: 'e605ef56-1370-463c-ae36-eb7511041a69',
    name: 'bishenyi',
    location: { latitude: 20, longitude: 20 },
    manager_id: 'a26a83d8-ebf9-41fc-bfd8-4f54596d3ee5',
    created_at: 2025-10-16T08:24:20.870Z
  }
]
2025-10-16 13:47:48 +03:00: Stations returned: [
  {
    id: 'e605ef56-1370-463c-ae36-eb7511041a69',
    name: 'bishenyi',
    location: { latitude: 20, longitude: 20 },
    manager_id: 'a26a83d8-ebf9-41fc-bfd8-4f54596d3ee5',
    created_at: 2025-10-16T08:24:20.870Z
  }
]
2025-10-16 13:57:15 +03:00: Stations returned: [
  {
    id: 'e605ef56-1370-463c-ae36-eb7511041a69',
    name: 'bishenyi',
    location: { latitude: 20, longitude: 20 },
    manager_id: 'a26a83d8-ebf9-41fc-bfd8-4f54596d3ee5',
    created_at: 2025-10-16T08:24:20.870Z
  }
]
2025-10-16 13:57:20 +03:00: Stations returned: [
  {
    id: 'e605ef56-1370-463c-ae36-eb7511041a69',
    name: 'bishenyi',
    location: { latitude: 20, longitude: 20 },
    manager_id: 'a26a83d8-ebf9-41fc-bfd8-4f54596d3ee5',
    created_at: 2025-10-16T08:24:20.870Z
  }
]
2025-10-16 13:58:33 +03:00: Stations returned: [
  {
    id: 'e605ef56-1370-463c-ae36-eb7511041a69',
    name: 'bishenyi',
    location: { latitude: 20, longitude: 20 },
    manager_id: 'a26a83d8-ebf9-41fc-bfd8-4f54596d3ee5',
    created_at: 2025-10-16T08:24:20.870Z
  }
]
2025-10-16 13:58:34 +03:00: Stations returned: [
  {
    id: 'e605ef56-1370-463c-ae36-eb7511041a69',
    name: 'bishenyi',
    location: { latitude: 20, longitude: 20 },
    manager_id: 'a26a83d8-ebf9-41fc-bfd8-4f54596d3ee5',
    created_at: 2025-10-16T08:24:20.870Z
  }
]
2025-10-16 14:00:47 +03:00: Stations returned: [
  {
    id: 'e605ef56-1370-463c-ae36-eb7511041a69',
    name: 'bishenyi',
    location: { latitude: 20, longitude: 20 },
    manager_id: 'a26a83d8-ebf9-41fc-bfd8-4f54596d3ee5',
    created_at: 2025-10-16T08:24:20.870Z
  }
]
2025-10-16 14:00:52 +03:00: Stations returned: [
  {
    id: 'e605ef56-1370-463c-ae36-eb7511041a69',
    name: 'bishenyi',
    location: { latitude: 20, longitude: 20 },
    manager_id: 'a26a83d8-ebf9-41fc-bfd8-4f54596d3ee5',
    created_at: 2025-10-16T08:24:20.870Z
  }
]
2025-10-16 14:02:16 +03:00: Stations returned: [
  {
    id: 'e605ef56-1370-463c-ae36-eb7511041a69',
    name: 'bishenyi',
    location: { latitude: 20, longitude: 20 },
    manager_id: 'a26a83d8-ebf9-41fc-bfd8-4f54596d3ee5',
    created_at: 2025-10-16T08:24:20.870Z
  }
]
2025-10-16 14:02:35 +03:00: Stations returned: [
  {
    id: 'e605ef56-1370-463c-ae36-eb7511041a69',
    name: 'bishenyi',
    location: { latitude: 20, longitude: 20 },
    manager_id: 'a26a83d8-ebf9-41fc-bfd8-4f54596d3ee5',
    created_at: 2025-10-16T08:24:20.870Z
  }
]
2025-10-16 15:46:30 +03:00: the received user_id is: a26a83d8-ebf9-41fc-bfd8-4f54596d3ee5
2025-10-16 15:51:56 +03:00: Stations returned: [
  {
    id: 'e605ef56-1370-463c-ae36-eb7511041a69',
    name: 'bishenyi',
    location: { latitude: 20, longitude: 20 },
    manager_id: 'a26a83d8-ebf9-41fc-bfd8-4f54596d3ee5',
    created_at: 2025-10-16T08:24:20.870Z
  }
]
2025-10-16 15:56:09 +03:00: the received user_id is: a26a83d8-ebf9-41fc-bfd8-4f54596d3ee5
2025-10-16 15:58:29 +03:00: Stations returned: [
  {
    id: 'e605ef56-1370-463c-ae36-eb7511041a69',
    name: 'bishenyi',
    location: { latitude: 20, longitude: 20 },
    manager_id: 'a26a83d8-ebf9-41fc-bfd8-4f54596d3ee5',
    created_at: 2025-10-16T08:24:20.870Z
  }
]
2025-10-16 16:04:11 +03:00: Stations returned: [
  {
    id: 'e605ef56-1370-463c-ae36-eb7511041a69',
    name: 'bishenyi',
    location: { latitude: 20, longitude: 20 },
    manager_id: 'a26a83d8-ebf9-41fc-bfd8-4f54596d3ee5',
    created_at: 2025-10-16T08:24:20.870Z
  }
]
2025-10-16 16:08:51 +03:00: Server running on http://0.0.0.0:3000
2025-10-16 16:08:51 +03:00: Database tables already exist, ensured all required columns are present
2025-10-16 16:09:20 +03:00: Stations returned: [
  {
    id: 'e605ef56-1370-463c-ae36-eb7511041a69',
    name: 'bishenyi',
    location: { latitude: 20, longitude: 20 },
    manager_id: 'a26a83d8-ebf9-41fc-bfd8-4f54596d3ee5',
    created_at: 2025-10-16T08:24:20.870Z
  }
]
2025-10-16 16:12:03 +03:00: Stations returned: [
  {
    id: 'e605ef56-1370-463c-ae36-eb7511041a69',
    name: 'bishenyi',
    location: { latitude: 20, longitude: 20 },
    manager_id: 'a26a83d8-ebf9-41fc-bfd8-4f54596d3ee5',
    created_at: 2025-10-16T08:24:20.870Z
  }
]
2025-10-16 16:16:30 +03:00: Stations returned: [
  {
    id: 'e605ef56-1370-463c-ae36-eb7511041a69',
    name: 'bishenyi',
    location: { latitude: 20, longitude: 20 },
    manager_id: 'a26a83d8-ebf9-41fc-bfd8-4f54596d3ee5',
    created_at: 2025-10-16T08:24:20.870Z
  }
]
2025-10-16 16:23:17 +03:00: Stations returned: [
  {
    id: 'e605ef56-1370-463c-ae36-eb7511041a69',
    name: 'bishenyi',
    location: { latitude: 20, longitude: 20 },
    manager_id: 'a26a83d8-ebf9-41fc-bfd8-4f54596d3ee5',
    created_at: 2025-10-16T08:24:20.870Z
  }
]
2025-10-16 16:23:19 +03:00: Stations returned: [
  {
    id: 'e605ef56-1370-463c-ae36-eb7511041a69',
    name: 'bishenyi',
    location: { latitude: 20, longitude: 20 },
    manager_id: 'a26a83d8-ebf9-41fc-bfd8-4f54596d3ee5',
    created_at: 2025-10-16T08:24:20.870Z
  }
]
2025-10-16 16:28:38 +03:00: Stations returned: [
  {
    id: 'e605ef56-1370-463c-ae36-eb7511041a69',
    name: 'bishenyi',
    location: { latitude: 20, longitude: 20 },
    manager_id: 'a26a83d8-ebf9-41fc-bfd8-4f54596d3ee5',
    created_at: 2025-10-16T08:24:20.870Z
  }
]
2025-10-16 16:32:48 +03:00: Server running on http://0.0.0.0:3000
2025-10-16 16:32:48 +03:00: Database tables already exist, ensured all required columns are present
2025-10-16 16:37:25 +03:00: Server running on http://0.0.0.0:3000
2025-10-16 16:37:25 +03:00: Database tables already exist, ensured all required columns are present
2025-10-16 16:41:52 +03:00: Server running on http://0.0.0.0:3000
2025-10-16 16:41:52 +03:00: Database tables already exist, ensured all required columns are present
2025-10-16 16:45:49 +03:00: Server running on http://0.0.0.0:3000
2025-10-16 16:45:49 +03:00: Database tables already exist, ensured all required columns are present
2025-10-16 16:48:46 +03:00: Server running on http://0.0.0.0:3000
2025-10-16 16:48:46 +03:00: Database tables already exist, ensured all required columns are present
2025-10-16 16:50:15 +03:00: Server running on http://0.0.0.0:3000
2025-10-16 16:50:15 +03:00: Database tables already exist, ensured all required columns are present
2025-10-16 16:53:47 +03:00: Server running on http://0.0.0.0:3000
2025-10-16 16:53:47 +03:00: Database tables already exist, ensured all required columns are present
2025-10-16 16:58:25 +03:00: Server running on http://0.0.0.0:3000
2025-10-16 16:58:25 +03:00: Database tables already exist, ensured all required columns are present
2025-10-16 17:49:30 +03:00: Server running on http://0.0.0.0:3000
2025-10-16 17:49:30 +03:00: Database tables already exist, ensured all required columns are present
2025-10-17 21:01:54 +03:00: Server running on http://0.0.0.0:3000
2025-10-17 21:01:54 +03:00: Database tables already exist, ensured all required columns are present
2025-10-17 21:03:58 +03:00: Stations returned: [
  {
    id: 'ffe08d25-7c68-4065-bc75-a0e5db37c643',
    name: 'Nyabugogo 1',
    location: {
      latitude: -1.940685,
      longitude: 30.046401,
      coordinates: '-1.940685,30.046401'
    },
    manager_id: 'cb64b98e-e0c7-48ae-bce0-f45b4e7ade24',
    created_at: 2025-10-16T13:59:37.690Z
  }
]
2025-10-17 21:03:58 +03:00: Stations returned: [
  {
    id: 'ffe08d25-7c68-4065-bc75-a0e5db37c643',
    name: 'Nyabugogo 1',
    location: {
      latitude: -1.940685,
      longitude: 30.046401,
      coordinates: '-1.940685,30.046401'
    },
    manager_id: 'cb64b98e-e0c7-48ae-bce0-f45b4e7ade24',
    created_at: 2025-10-16T13:59:37.690Z
  }
]
2025-10-17 21:17:12 +03:00: Server running on http://0.0.0.0:3000
2025-10-17 21:17:12 +03:00: Database tables already exist, ensured all required columns are present
2025-10-17 21:31:57 +03:00: Stations returned: [
  {
    id: 'ffe08d25-7c68-4065-bc75-a0e5db37c643',
    name: 'Nyabugogo 1',
    location: {
      latitude: -1.940685,
      longitude: 30.046401,
      coordinates: '-1.940685,30.046401'
    },
    manager_id: 'cb64b98e-e0c7-48ae-bce0-f45b4e7ade24',
    created_at: 2025-10-16T13:59:37.690Z
  }
]
2025-10-17 23:03:34 +03:00: Stations returned: [
  {
    id: 'ffe08d25-7c68-4065-bc75-a0e5db37c643',
    name: 'Nyabugogo 1',
    location: {
      latitude: -1.940685,
      longitude: 30.046401,
      coordinates: '-1.940685,30.046401'
    },
    manager_id: 'cb64b98e-e0c7-48ae-bce0-f45b4e7ade24',
    created_at: 2025-10-16T13:59:37.690Z
  }
]
