2025-10-16 11:55:22 +03:00: Server running on http://0.0.0.0:6000
2025-10-16 11:55:22 +03:00: Database tables already exist, ensured all required columns are present
2025-10-16 11:56:33 +03:00: Server running on http://0.0.0.0:6000
2025-10-16 11:56:33 +03:00: Database tables already exist, ensured all required columns are present
2025-10-16 11:59:46 +03:00: Server running on http://0.0.0.0:6000
2025-10-16 11:59:46 +03:00: Database tables already exist, ensured all required columns are present
2025-10-16 12:03:12 +03:00: Server running on http://0.0.0.0:3000
2025-10-16 12:03:12 +03:00: Database tables already exist, ensured all required columns are present
2025-10-16 12:08:01 +03:00: Server running on http://0.0.0.0:3000
2025-10-16 12:08:01 +03:00: Database tables already exist, ensured all required columns are present
2025-10-16 12:09:37 +03:00: Stations returned: [
  {
    id: 'e605ef56-1370-463c-ae36-eb7511041a69',
    name: 'bishenyi',
    location: { latitude: 20, longitude: 20 },
    manager_id: 'a26a83d8-ebf9-41fc-bfd8-4f54596d3ee5',
    created_at: 2025-10-16T08:24:20.870Z
  }
]
2025-10-16 12:15:50 +03:00: Stations returned: [
  {
    id: 'e605ef56-1370-463c-ae36-eb7511041a69',
    name: 'bishenyi',
    location: { latitude: 20, longitude: 20 },
    manager_id: 'a26a83d8-ebf9-41fc-bfd8-4f54596d3ee5',
    created_at: 2025-10-16T08:24:20.870Z
  }
]
2025-10-16 12:20:57 +03:00: Stations returned: [
  {
    id: 'e605ef56-1370-463c-ae36-eb7511041a69',
    name: 'bishenyi',
    location: { latitude: 20, longitude: 20 },
    manager_id: 'a26a83d8-ebf9-41fc-bfd8-4f54596d3ee5',
    created_at: 2025-10-16T08:24:20.870Z
  }
]
2025-10-16 13:37:14 +03:00: Stations returned: [
  {
    id: 'e605ef56-1370-463c-ae36-eb7511041a69',
    name: 'bishenyi',
    location: { latitude: 20, longitude: 20 },
    manager_id: 'a26a83d8-ebf9-41fc-bfd8-4f54596d3ee5',
    created_at: 2025-10-16T08:24:20.870Z
  }
]
2025-10-16 13:44:16 +03:00: Stations returned: [
  {
    id: 'e605ef56-1370-463c-ae36-eb7511041a69',
    name: 'bishenyi',
    location: { latitude: 20, longitude: 20 },
    manager_id: 'a26a83d8-ebf9-41fc-bfd8-4f54596d3ee5',
    created_at: 2025-10-16T08:24:20.870Z
  }
]
2025-10-16 13:56:44 +03:00: Stations returned: [
  {
    id: 'e605ef56-1370-463c-ae36-eb7511041a69',
    name: 'bishenyi',
    location: { latitude: 20, longitude: 20 },
    manager_id: 'a26a83d8-ebf9-41fc-bfd8-4f54596d3ee5',
    created_at: 2025-10-16T08:24:20.870Z
  }
]
2025-10-16 13:56:46 +03:00: Stations returned: [
  {
    id: 'e605ef56-1370-463c-ae36-eb7511041a69',
    name: 'bishenyi',
    location: { latitude: 20, longitude: 20 },
    manager_id: 'a26a83d8-ebf9-41fc-bfd8-4f54596d3ee5',
    created_at: 2025-10-16T08:24:20.870Z
  }
]
2025-10-16 15:53:49 +03:00: the received user_id is: 31a9c500-0496-4273-a736-3843adbdd841
2025-10-16 16:06:06 +03:00: Stations returned: [
  {
    id: 'e605ef56-1370-463c-ae36-eb7511041a69',
    name: 'bishenyi',
    location: { latitude: 20, longitude: 20 },
    manager_id: 'a26a83d8-ebf9-41fc-bfd8-4f54596d3ee5',
    created_at: 2025-10-16T08:24:20.870Z
  }
]
2025-10-16 16:09:01 +03:00: Server running on http://0.0.0.0:3000
2025-10-16 16:09:01 +03:00: Database tables already exist, ensured all required columns are present
2025-10-16 16:10:23 +03:00: Stations returned: [
  {
    id: 'e605ef56-1370-463c-ae36-eb7511041a69',
    name: 'bishenyi',
    location: { latitude: 20, longitude: 20 },
    manager_id: 'a26a83d8-ebf9-41fc-bfd8-4f54596d3ee5',
    created_at: 2025-10-16T08:24:20.870Z
  }
]
2025-10-16 16:12:24 +03:00: Stations returned: [
  {
    id: 'e605ef56-1370-463c-ae36-eb7511041a69',
    name: 'bishenyi',
    location: { latitude: 20, longitude: 20 },
    manager_id: 'a26a83d8-ebf9-41fc-bfd8-4f54596d3ee5',
    created_at: 2025-10-16T08:24:20.870Z
  }
]
2025-10-16 16:22:37 +03:00: Stations returned: [
  {
    id: 'e605ef56-1370-463c-ae36-eb7511041a69',
    name: 'bishenyi',
    location: { latitude: 20, longitude: 20 },
    manager_id: 'a26a83d8-ebf9-41fc-bfd8-4f54596d3ee5',
    created_at: 2025-10-16T08:24:20.870Z
  }
]
2025-10-16 16:24:23 +03:00: Stations returned: [
  {
    id: 'e605ef56-1370-463c-ae36-eb7511041a69',
    name: 'bishenyi',
    location: { latitude: 20, longitude: 20 },
    manager_id: 'a26a83d8-ebf9-41fc-bfd8-4f54596d3ee5',
    created_at: 2025-10-16T08:24:20.870Z
  }
]
2025-10-16 16:32:58 +03:00: Server running on http://0.0.0.0:3000
2025-10-16 16:32:58 +03:00: Database tables already exist, ensured all required columns are present
2025-10-16 16:37:35 +03:00: Server running on http://0.0.0.0:3000
2025-10-16 16:37:35 +03:00: Database tables already exist, ensured all required columns are present
2025-10-16 16:42:02 +03:00: Server running on http://0.0.0.0:3000
2025-10-16 16:42:02 +03:00: Database tables already exist, ensured all required columns are present
2025-10-16 16:45:59 +03:00: Server running on http://0.0.0.0:3000
2025-10-16 16:45:59 +03:00: Database tables already exist, ensured all required columns are present
2025-10-16 16:48:46 +03:00: Server running on http://0.0.0.0:3000
2025-10-16 16:48:46 +03:00: Database tables already exist, ensured all required columns are present
2025-10-16 16:50:25 +03:00: Server running on http://0.0.0.0:3000
2025-10-16 16:50:25 +03:00: Database tables already exist, ensured all required columns are present
2025-10-16 16:53:57 +03:00: Server running on http://0.0.0.0:3000
2025-10-16 16:53:57 +03:00: Database tables already exist, ensured all required columns are present
2025-10-16 16:58:35 +03:00: Server running on http://0.0.0.0:3000
2025-10-16 16:58:35 +03:00: Database tables already exist, ensured all required columns are present
2025-10-16 17:49:30 +03:00: Server running on http://0.0.0.0:3000
2025-10-16 17:49:30 +03:00: Database tables already exist, ensured all required columns are present
2025-10-17 21:02:04 +03:00: Server running on http://0.0.0.0:3000
2025-10-17 21:02:04 +03:00: Database tables already exist, ensured all required columns are present
2025-10-17 21:17:12 +03:00: Server running on http://0.0.0.0:3000
2025-10-17 21:17:12 +03:00: Database tables already exist, ensured all required columns are present
2025-10-17 22:36:55 +03:00: Stations returned: [
  {
    id: 'ffe08d25-7c68-4065-bc75-a0e5db37c643',
    name: 'Nyabugogo 1',
    location: {
      latitude: -1.940685,
      longitude: 30.046401,
      coordinates: '-1.940685,30.046401'
    },
    manager_id: 'cb64b98e-e0c7-48ae-bce0-f45b4e7ade24',
    created_at: 2025-10-16T13:59:37.690Z
  }
]
